// Jest Snapshot v1, https://goo.gl/fbAQLP

exports[`<Cell /> renders component 1`] = `
<div
  className="cell"
  data-testid="grid-cell"
  onClick={[Function]}
  onMouseEnter={[Function]}
  style={
    Object {
      "backgroundColor": "#3B82F6",
    }
  }
/>
`;
